// Jest Snapshot v1, https://goo.gl/fbAQLP

exports[`BottomBorderedCard test renders 1`] = `
<div
  className="content"
>
  <div
    className="content"
  >
    left text
  </div>
  <div
    className="content-right"
  >
    right text
  </div>
</div>
`;
