// Jest Snapshot v1, https://goo.gl/fbAQLP

exports[`EditPaymentModal renders 1`] = `
<EditPaymentModal
  closeModal={[MockFunction]}
  editSubscriptionRoute="/"
  modalVisible={false}
  onSelectReturnVehicle={[MockFunction]}
  onSelectSwap={[MockFunction]}
  scrolling={false}
/>
`;
