// Jest Snapshot v1, https://goo.gl/fbAQLP

exports[`SideBarMenu renders 1`] = `<Route />`;
