// Jest Snapshot v1, https://goo.gl/fbAQLP

exports[`SwapInstructionsModal renders 1`] = `
<SwapInstructionsModal
  freezeOverlay={false}
  modalVisible={true}
  onCancel={[MockFunction]}
  onContinue={[MockFunction]}
  scrolling={true}
/>
`;
