// Jest Snapshot v1, https://goo.gl/fbAQLP

exports[`AddFrontLicensePhoto renders 1`] = `
<AddPhotoModal
  closeCamera={true}
  closeModal={[Function]}
  onBack={[Function]}
  onCameraAccessFail={[Function]}
  onUsePhoto={[Function]}
  title="Front of license"
  visible={true}
/>
`;
