// Jest Snapshot v1, https://goo.gl/fbAQLP

exports[`DriverLicenseForm renders correctly 1`] = `
<div
  className="container"
>
  <Script
    attributes={Object {}}
    onCreate={[Function]}
    onError={[Function]}
    onLoad={[Function]}
    url="https://maps.googleapis.com/maps/api/js?key=IzaSyCudd566&libraries=places"
  />
  <div
    className="home"
  >
    <TextInput
      changePasswordVisibilityStatus={[Function]}
      className=""
      dark={false}
      disabled={false}
      errorMessage={null}
      id="address-input"
      inputDidChange={false}
      isValid={true}
      label="Address"
      name="address"
      onBlur={null}
      onChange={[Function]}
      placeholder="Home Address"
      shouldShowVisibility={false}
      type="text"
      value=""
    />
  </div>
  <div
    className="address"
  >
    <div
      className="city"
    >
      <TextInput
        changePasswordVisibilityStatus={[Function]}
        className=""
        dark={false}
        disabled={false}
        errorMessage={null}
        id="city-input"
        inputDidChange={false}
        isValid={true}
        label="City"
        name="city"
        onBlur={null}
        onChange={[Function]}
        placeholder="City"
        shouldShowVisibility={false}
        type="text"
        value=""
      />
    </div>
    <div
      className="state"
    >
      <TextInput
        changePasswordVisibilityStatus={[Function]}
        className=""
        dark={false}
        disabled={false}
        errorMessage={null}
        id="state-input"
        inputDidChange={false}
        isValid={true}
        label="State"
        name="state"
        onBlur={null}
        onChange={[Function]}
        placeholder="State"
        shouldShowVisibility={false}
        type="text"
        value=""
      />
    </div>
    <div
      className="zip"
    >
      <TextInput
        changePasswordVisibilityStatus={[Function]}
        className=""
        dark={false}
        disabled={false}
        errorMessage={null}
        id="zip-input"
        inputDidChange={false}
        isValid={true}
        label="Zip"
        name="zipCode"
        onBlur={null}
        onChange={[Function]}
        placeholder="Zip"
        shouldShowVisibility={false}
        type="text"
        value=""
      />
    </div>
    <div
      className="dob"
    >
      <CustomDatePicker
        errorMessage={null}
        id="dob"
        isDayBlocked={[Function]}
        isOutsideRange={[Function]}
        isValid={true}
        label="Date of Birth"
        license={false}
        negative={true}
        numberOfYears={99}
        onDatePicked={[Function]}
        openToDate="1990/01/01"
        placeholder="Date of Birth"
        selectedDate=""
      />
    </div>
  </div>
  <div
    className="license"
  >
    <TextInput
      changePasswordVisibilityStatus={[Function]}
      className=""
      dark={false}
      disabled={false}
      errorMessage={null}
      id="license-input"
      inputDidChange={false}
      isValid={true}
      label="Driver's License Number"
      name="driverLicenseNumber"
      onBlur={null}
      onChange={[Function]}
      placeholder="Driverâ€™s License Number"
      shouldShowVisibility={false}
      type="text"
      value=""
    />
  </div>
  <div
    className="expiration"
  >
    <CustomDatePicker
      errorMessage={null}
      id="expiration"
      isDayBlocked={[Function]}
      isOutsideRange={[Function]}
      isValid={true}
      label="Expiration Date"
      license={true}
      negative={false}
      numberOfYears={99}
      onDatePicked={[Function]}
      openToDate="2020/01/01"
      placeholder="Expiration"
      selectedDate=""
    />
  </div>
  <div
    className="button"
  >
    <Button
      bordered={false}
      buttonType="standard"
      className=""
      customStyles="button"
      disabled={false}
      icon={null}
      inverted={false}
      onClick={[Function]}
      ripple={true}
      showLoader={false}
    >
      Continue
    </Button>
  </div>
</div>
`;
