// Jest Snapshot v1, https://goo.gl/fbAQLP

exports[`Badge renders 1`] = `""`;
