// Jest Snapshot v1, https://goo.gl/fbAQLP

exports[`ProfileFrame component should render 1`] = `<Route />`;
