// Jest Snapshot v1, https://goo.gl/fbAQLP

exports[`Alert renders 1`] = `
<Alert
  show={true}
/>
`;
