// Jest Snapshot v1, https://goo.gl/fbAQLP

exports[`VehicleTile renders 1`] = `
<button
  className="vehicle-tile-button"
  onClick={[Function]}
>
  <div
    className="vehicle-tile"
    id={4}
  >
    <div
      className="vehicle-image-container"
    >
      <div
        className="available"
      >
        Available
      </div>
      <div
        className="vehicle-image"
        style={
          Object {
            "backgroundImage": "url(undefined",
            "zIndex": -1,
          }
        }
      />
    </div>
    <div
      className="vehicle-tile-text"
    >
      <div
        className="vehicle-tile-middle-align"
      >
        <small>
          2018
        </small>
        <div
          className="vehicle-info"
        >
          <div
            className="name-info"
          >
            <h2
              className="title"
            >
              Chevy Tahoe
            </h2>
            <p
              className="subtitle"
            >
              Divvy Motors
            </p>
          </div>
          <div
            className="pricing-info"
          >
            <h2
              className="title alt"
            >
              $
            </h2>
            <p
              className="subtitle alt"
            >
              StartingÂ at
            </p>
          </div>
        </div>
      </div>
    </div>
  </div>
</button>
`;
